Mono path[0] = 'G:/SteamLibrary/steamapps/common/Paradise Lust 3/Paradise Lust3_Data/Managed'
Mono config path = 'G:/SteamLibrary/steamapps/common/Paradise Lust 3/MonoBleedingEdge/etc'
[Physics::Module] Initialized MultithreadedJobDispatcher with {0} workers.
Initialize engine version: 2021.3.45f2 (88f88f591b2e)
[Subsystems] Discovering subsystems at path G:/SteamLibrary/steamapps/common/Paradise Lust 3/Paradise Lust3_Data/UnitySubsystems
GfxDevice: creating device client; threaded=1; jobified=0
Direct3D:
    Version:  Direct3D 11.0 [level 11.1]
    Renderer: NVIDIA GeForce RTX 4060 (ID=0x2882)
    Vendor:   NVIDIA
    VRAM:     7957 MB
    Driver:   32.0.15.8180
Begin MonoManager ReloadAssembly
- Completed reload, in  0.237 seconds
<RI> Initializing input.
<RI> Input initialized.
<RI> Initialized touch support.
UnloadTime: 0.869900 ms
Odin Serializer ArchitectureInfo initialization with defaults (all unaligned read/writes disabled).
Odin Serializer detected whitelisted runtime platform WindowsPlayer and memory read test succeeded; enabling all unaligned memory read/writes.
Loading game. Version : 0.6.0b
The referenced script (paradise.ToolSet) on this Behaviour is missing!
The referenced script on this Behaviour (Game Object 'Tools') is missing!
Game starting : version 0.6.0b, platform: WindowsPlayer
System Locale : en-MY
Validating room: MainMenu
Hiding Main Menu
Starting conversation 001_IntroSync with myself
Playing animation conversation_popin
Triggered event syncpopup1
Triggered event syncpopup2
Queuing conversation 002_SyncConfirm (BrightBit.Conversation)
Triggered event syncname
Starting conversation 002_SyncConfirm with myself
Playing Spine jack+raven_glamshot_introvideo_01
Triggered event endsync
Playing Spine jack+raven_glamshot_introvideo_01
Playing Spine jack+raven_glamshot_introvideo_01
Playing Spine jack+raven_glamshot_introvideo_01
Playing Spine jack+raven_glamshot_introvideo_01
Playing Spine jack+raven_glamshot_introvideo_01
Playing Spine jack+raven_glamshot_introvideo_01
Validating room: Seahut2
Validating room: Seahut2
Validating room: Seahut2
Playing animation frontend_topleft_enter
Playing animation frontend_topright_enter
Playing animation frontend_topcenter_enter
Invalid animation frontend_topcenter_enter
Playing animation datetime_flip_down
Playing animation location_exit_up then location_enter_up
Playing animation datetime_flip_up then datetime_flip_down
Triggered event showfrontend
Triggered event setblackout=0
Triggered event add=jack, 1
Triggered event add=raven, 3
Triggered event gainitem=flash_drive
Triggered event sfx=door_knock
Triggered event add=olga, 4
Triggered event add=jack, 0
Triggered event add=raven,1
Triggered event playmusicloop=french_anthem
Validating room: ResortBeach
Validating room: ResortBeach
Validating room: ResortBeach
Playing animation location_exit_up then location_enter_up
Triggered event add=jack, 2
Triggered event attach=frankie, buckethat
Playing Spine frankie_arrives_1
Playing Spine frankie_arrives_2
Playing Spine frankie_arrives_2
Playing Spine frankie_arrives_2
Playing Spine frankie_arrives_2
Triggered event playlocalmusic
Triggered event add=olga, 0
Triggered event add=raven, 1
Triggered event add=jack, 2
Triggered event add=frankie, 4
Validating room: Lobby
Validating room: Lobby
Validating room: Lobby
Playing animation location_exit_up then location_enter_up
Triggered event add=olga, 0
Triggered event add=jack, 2
Triggered event add=raven, 1
Triggered event add=frankie, 4
Validating room: Lobby
Triggered event remove=frankie
Triggered event add=olga, 0
Triggered event add=jack, 3
Triggered event add=raven, 1
Triggered event remove=raven
Triggered event add=olga, 1
Triggered event add=olga, 0
Triggered event remove=olga
Playing animation QuestNotification
Playing animation hide_during_notification
Invalid animation hide_during_notification
Triggered event triggerquest=scarlettflash_1
Triggered event add=jack, 2
Triggered event attach=andrea, itemhat
Triggered event attach=cath, itemhat
Triggered event attach=gabby, itemhat
Playing animation conversation_popout_full
Playing animation OpenQuestUI
Playing animation CloseQuestUI
Playing animation open_handphone
Playing animation close_handphone
Validating room: resort
Playing animation location_exit_up then location_enter_up
Character Spine Default destroyed
Character Spine Default destroyed
Character Spine Default_holding destroyed
Character Spine default destroyed
Character Spine default destroyed
Memory Statistics:
[ALLOC_TEMP_TLS] TLS Allocator
  StackAllocators : 
    [ALLOC_TEMP_MAIN]
      Peak usage frame count: [0-1.0 KB]: 1197 frames, [2.0 KB-4.0 KB]: 2 frames, [8.0 KB-16.0 KB]: 1 frames, [16.0 KB-32.0 KB]: 15459 frames, [32.0 KB-64.0 KB]: 3242 frames, [64.0 KB-128.0 KB]: 841 frames, [128.0 KB-256.0 KB]: 2 frames, [256.0 KB-0.5 MB]: 2 frames, [4.0 MB-8.0 MB]: 1 frames
      Initial Block Size 4.0 MB
      Current Block Size 7.8 MB
      Peak Allocated Bytes 7.7 MB
      Overflow Count 1
    [ALLOC_TEMP_Job.Worker 18]
      Initial Block Size 256.0 KB
      Current Block Size 256.0 KB
      Peak Allocated Bytes 53.9 KB
      Overflow Count 0
    [ALLOC_TEMP_Loading.PreloadManager]
      Initial Block Size 256.0 KB
      Current Block Size 0.5 MB
      Peak Allocated Bytes 500.8 KB
      Overflow Count 1326
    [ALLOC_TEMP_Background Job.Worker 8]
      Initial Block Size 32.0 KB
      Current Block Size 32.0 KB
      Peak Allocated Bytes 453 B
      Overflow Count 0
    [ALLOC_TEMP_Background Job.Worker 10]
      Initial Block Size 32.0 KB
      Current Block Size 32.0 KB
      Peak Allocated Bytes 7.4 KB
      Overflow Count 0
    [ALLOC_TEMP_Job.Worker 16]
      Initial Block Size 256.0 KB
      Current Block Size 256.0 KB
      Peak Allocated Bytes 52.9 KB
      Overflow Count 0
    [ALLOC_TEMP_Background Job.Worker 6]
      Initial Block Size 32.0 KB
      Current Block Size 32.0 KB
      Peak Allocated Bytes 1.5 KB
      Overflow Count 0
    [ALLOC_TEMP_Job.Worker 4]
      Initial Block Size 256.0 KB
      Current Block Size 256.0 KB
      Peak Allocated Bytes 55.6 KB
      Overflow Count 0
    [ALLOC_TEMP_Job.Worker 14]
      Initial Block Size 256.0 KB
      Current Block Size 256.0 KB
      Peak Allocated Bytes 55.6 KB
      Overflow Count 0
    [ALLOC_TEMP_Job.Worker 17]
      Initial Block Size 256.0 KB
      Current Block Size 256.0 KB
      Peak Allocated Bytes 55.6 KB
      Overflow Count 0
    [ALLOC_TEMP_Job.Worker 3]
      Initial Block Size 256.0 KB
      Current Block Size 256.0 KB
      Peak Allocated Bytes 52.9 KB
      Overflow Count 0
    [ALLOC_TEMP_Background Job.Worker 12]
      Initial Block Size 32.0 KB
      Current Block Size 32.0 KB
      Peak Allocated Bytes 5.8 KB
      Overflow Count 0
    [ALLOC_TEMP_Background Job.Worker 1]
      Initial Block Size 32.0 KB
      Current Block Size 32.0 KB
      Peak Allocated Bytes 462 B
      Overflow Count 0
    [ALLOC_TEMP_AssetGarbageCollectorHelper] x 19
      Initial Block Size 64.0 KB
      Current Block Size 64.0 KB
      Peak Allocated Bytes 0 B
      Overflow Count 0
    [ALLOC_TEMP_Background Job.Worker 5]
      Initial Block Size 32.0 KB
      Current Block Size 32.0 KB
      Peak Allocated Bytes 8.9 KB
      Overflow Count 0
    [ALLOC_TEMP_Background Job.Worker 13]
      Initial Block Size 32.0 KB
      Current Block Size 32.0 KB
      Peak Allocated Bytes 438 B
      Overflow Count 0
    [ALLOC_TEMP_Background Job.Worker 11]
      Initial Block Size 32.0 KB
      Current Block Size 32.0 KB
      Peak Allocated Bytes 5.4 KB
      Overflow Count 0
    [ALLOC_TEMP_Job.Worker 2]
      Initial Block Size 256.0 KB
      Current Block Size 256.0 KB
      Peak Allocated Bytes 55.6 KB
      Overflow Count 0
    [ALLOC_TEMP_Background Job.Worker 3]
      Initial Block Size 32.0 KB
      Current Block Size 32.0 KB
      Peak Allocated Bytes 1.6 KB
      Overflow Count 0
    [ALLOC_TEMP_Background Job.Worker 0]
      Initial Block Size 32.0 KB
      Current Block Size 32.0 KB
      Peak Allocated Bytes 3.4 KB
      Overflow Count 0
    [ALLOC_TEMP_Job.Worker 11]
      Initial Block Size 256.0 KB
      Current Block Size 256.0 KB
      Peak Allocated Bytes 55.6 KB
      Overflow Count 0
    [ALLOC_TEMP_Background Job.Worker 4]
      Initial Block Size 32.0 KB
      Current Block Size 32.0 KB
      Peak Allocated Bytes 441 B
      Overflow Count 0
    [ALLOC_TEMP_BatchDeleteObjects]
      Initial Block Size 64.0 KB
      Current Block Size 64.0 KB
      Peak Allocated Bytes 54 B
      Overflow Count 0
    [ALLOC_TEMP_Job.Worker 6]
      Initial Block Size 256.0 KB
      Current Block Size 256.0 KB
      Peak Allocated Bytes 55.6 KB
      Overflow Count 0
    [ALLOC_TEMP_Job.Worker 0]
      Initial Block Size 256.0 KB
      Current Block Size 256.0 KB
      Peak Allocated Bytes 52.9 KB
      Overflow Count 0
    [ALLOC_TEMP_Background Job.Worker 9]
      Initial Block Size 32.0 KB
      Current Block Size 32.0 KB
      Peak Allocated Bytes 456 B
      Overflow Count 0
    [ALLOC_TEMP_Job.Worker 5]
      Initial Block Size 256.0 KB
      Current Block Size 256.0 KB
      Peak Allocated Bytes 55.6 KB
      Overflow Count 0
    [ALLOC_TEMP_Background Job.Worker 14]
      Initial Block Size 32.0 KB
      Current Block Size 32.0 KB
      Peak Allocated Bytes 2.2 KB
      Overflow Count 0
    [ALLOC_TEMP_Job.Worker 13]
      Initial Block Size 256.0 KB
      Current Block Size 256.0 KB
      Peak Allocated Bytes 53.9 KB
      Overflow Count 0
    [ALLOC_TEMP_EnlightenWorker] x 10
      Initial Block Size 64.0 KB
      Current Block Size 64.0 KB
      Peak Allocated Bytes 54 B
      Overflow Count 0
    [ALLOC_TEMP_Background Job.Worker 15]
      Initial Block Size 32.0 KB
      Current Block Size 32.0 KB
      Peak Allocated Bytes 3.7 KB
      Overflow Count 0
    [ALLOC_TEMP_Background Job.Worker 2]
      Initial Block Size 32.0 KB
      Current Block Size 32.0 KB
      Peak Allocated Bytes 450 B
      Overflow Count 0
    [ALLOC_TEMP_Background Job.Worker 7]
      Initial Block Size 32.0 KB
      Current Block Size 32.0 KB
      Peak Allocated Bytes 441 B
      Overflow Count 0
    [ALLOC_TEMP_UnityGfxDeviceWorker]
      Initial Block Size 256.0 KB
      Current Block Size 256.0 KB
      Peak Allocated Bytes 6.0 KB
      Overflow Count 0
    [ALLOC_TEMP_Job.Worker 9]
      Initial Block Size 256.0 KB
      Current Block Size 256.0 KB
      Peak Allocated Bytes 55.6 KB
      Overflow Count 0
    [ALLOC_TEMP_Job.Worker 8]
      Initial Block Size 256.0 KB
      Current Block Size 256.0 KB
      Peak Allocated Bytes 55.6 KB
      Overflow Count 0
    [ALLOC_TEMP_Job.Worker 7]
      Initial Block Size 256.0 KB
      Current Block Size 256.0 KB
      Peak Allocated Bytes 55.6 KB
      Overflow Count 0
    [ALLOC_TEMP_Job.Worker 1]
      Initial Block Size 256.0 KB
      Current Block Size 256.0 KB
      Peak Allocated Bytes 55.6 KB
      Overflow Count 0
    [ALLOC_TEMP_Job.Worker 10]
      Initial Block Size 256.0 KB
      Current Block Size 256.0 KB
      Peak Allocated Bytes 55.6 KB
      Overflow Count 0
    [ALLOC_TEMP_CloudJob.Worker 0]
      Initial Block Size 32.0 KB
      Current Block Size 32.0 KB
      Peak Allocated Bytes 3.3 KB
      Overflow Count 0
    [ALLOC_TEMP_Job.Worker 15]
      Initial Block Size 256.0 KB
      Current Block Size 256.0 KB
      Peak Allocated Bytes 54.4 KB
      Overflow Count 0
    [ALLOC_TEMP_Job.Worker 12]
      Initial Block Size 256.0 KB
      Current Block Size 256.0 KB
      Peak Allocated Bytes 52.9 KB
      Overflow Count 0
    [ALLOC_TEMP_Loading.AsyncRead]
      Initial Block Size 64.0 KB
      Current Block Size 72.0 KB
      Peak Allocated Bytes 68.5 KB
      Overflow Count 0
[ALLOC_DEFAULT] Dual Thread Allocator
  Peak main deferred allocation count 921
    [ALLOC_BUCKET]
      Large Block size 4.0 MB
      Used Block count 1
      Peak Allocated bytes 4.0 MB
      Failed Allocations. Bucket layout:
        16B: 3 Subsections = 3072 buckets. Failed count: 44144
        32B: 11 Subsections = 5632 buckets. Failed count: 278069
        48B: 28 Subsections = 9557 buckets. Failed count: 44648
        64B: 178 Subsections = 45568 buckets. Failed count: 1920
        80B: 18 Subsections = 3686 buckets. Failed count: 28649
        96B: 8 Subsections = 1365 buckets. Failed count: 5103
        112B: 3 Subsections = 438 buckets. Failed count: 140268
        128B: 7 Subsections = 896 buckets. Failed count: 8750
    [ALLOC_DEFAULT_MAIN]
      Peak usage frame count: [8.0 MB-16.0 MB]: 1199 frames, [16.0 MB-32.0 MB]: 19548 frames
      Requested Block Size 16.0 MB
      Peak Block count 2
      Peak Allocated memory 21.8 MB
      Peak Large allocation bytes 0 B
    [ALLOC_DEFAULT_THREAD]
      Peak usage frame count: [4.0 MB-8.0 MB]: 537 frames, [8.0 MB-16.0 MB]: 3 frames, [16.0 MB-32.0 MB]: 2 frames, [32.0 MB-64.0 MB]: 531 frames, [64.0 MB-128.0 MB]: 6 frames, [128.0 MB-256.0 MB]: 33 frames, [256.0 MB-0.50 GB]: 19635 frames
      Requested Block Size 16.0 MB
      Peak Block count 8
      Peak Allocated memory 468.1 MB
      Peak Large allocation bytes 354.3 MB
[ALLOC_TEMP_JOB_1_FRAME]
  Initial Block Size 2.0 MB
  Used Block Count 1
  Overflow Count (too large) 0
  Overflow Count (full) 0
[ALLOC_TEMP_JOB_2_FRAMES]
  Initial Block Size 2.0 MB
  Used Block Count 1
  Overflow Count (too large) 0
  Overflow Count (full) 0
[ALLOC_TEMP_JOB_4_FRAMES (JobTemp)]
  Initial Block Size 2.0 MB
  Used Block Count 2
  Overflow Count (too large) 0
  Overflow Count (full) 0
[ALLOC_TEMP_JOB_ASYNC (Background)]
  Initial Block Size 1.0 MB
  Used Block Count 22
  Overflow Count (too large) 0
  Overflow Count (full) 0
[ALLOC_GFX] Dual Thread Allocator
  Peak main deferred allocation count 4
    [ALLOC_BUCKET]
      Large Block size 4.0 MB
      Used Block count 1
      Peak Allocated bytes 4.0 MB
      Failed Allocations. Bucket layout:
        16B: 3 Subsections = 3072 buckets. Failed count: 44144
        32B: 11 Subsections = 5632 buckets. Failed count: 278069
        48B: 28 Subsections = 9557 buckets. Failed count: 44648
        64B: 178 Subsections = 45568 buckets. Failed count: 1920
        80B: 18 Subsections = 3686 buckets. Failed count: 28649
        96B: 8 Subsections = 1365 buckets. Failed count: 5103
        112B: 3 Subsections = 438 buckets. Failed count: 140268
        128B: 7 Subsections = 896 buckets. Failed count: 8750
    [ALLOC_GFX_MAIN]
      Peak usage frame count: [32.0 KB-64.0 KB]: 793 frames, [64.0 KB-128.0 KB]: 408 frames, [128.0 KB-256.0 KB]: 2 frames, [256.0 KB-0.5 MB]: 4723 frames, [0.5 MB-1.0 MB]: 10268 frames, [1.0 MB-2.0 MB]: 4551 frames, [8.0 MB-16.0 MB]: 2 frames
      Requested Block Size 16.0 MB
      Peak Block count 1
      Peak Allocated memory 12.7 MB
      Peak Large allocation bytes 0 B
    [ALLOC_GFX_THREAD]
      Peak usage frame count: [1.0 MB-2.0 MB]: 1065 frames, [2.0 MB-4.0 MB]: 1 frames, [4.0 MB-8.0 MB]: 1 frames, [8.0 MB-16.0 MB]: 19680 frames
      Requested Block Size 16.0 MB
      Peak Block count 1
      Peak Allocated memory 9.4 MB
      Peak Large allocation bytes 0 B
[ALLOC_CACHEOBJECTS] Dual Thread Allocator
  Peak main deferred allocation count 9
    [ALLOC_BUCKET]
      Large Block size 4.0 MB
      Used Block count 1
      Peak Allocated bytes 4.0 MB
      Failed Allocations. Bucket layout:
        16B: 3 Subsections = 3072 buckets. Failed count: 44144
        32B: 11 Subsections = 5632 buckets. Failed count: 278069
        48B: 28 Subsections = 9557 buckets. Failed count: 44648
        64B: 178 Subsections = 45568 buckets. Failed count: 1920
        80B: 18 Subsections = 3686 buckets. Failed count: 28649
        96B: 8 Subsections = 1365 buckets. Failed count: 5103
        112B: 3 Subsections = 438 buckets. Failed count: 140268
        128B: 7 Subsections = 896 buckets. Failed count: 8750
    [ALLOC_CACHEOBJECTS_MAIN]
      Peak usage frame count: [1.0 MB-2.0 MB]: 20747 frames
      Requested Block Size 4.0 MB
      Peak Block count 1
      Peak Allocated memory 1.8 MB
      Peak Large allocation bytes 0 B
    [ALLOC_CACHEOBJECTS_THREAD]
      Peak usage frame count: [0.5 MB-1.0 MB]: 1062 frames, [1.0 MB-2.0 MB]: 3 frames, [4.0 MB-8.0 MB]: 64 frames, [8.0 MB-16.0 MB]: 49 frames, [16.0 MB-32.0 MB]: 19569 frames
      Requested Block Size 4.0 MB
      Peak Block count 8
      Peak Allocated memory 30.2 MB
      Peak Large allocation bytes 6.0 MB
[ALLOC_TYPETREE] Dual Thread Allocator
  Peak main deferred allocation count 0
    [ALLOC_BUCKET]
      Large Block size 4.0 MB
      Used Block count 1
      Peak Allocated bytes 4.0 MB
      Failed Allocations. Bucket layout:
        16B: 3 Subsections = 3072 buckets. Failed count: 44144
        32B: 11 Subsections = 5632 buckets. Failed count: 278069
        48B: 28 Subsections = 9557 buckets. Failed count: 44648
        64B: 178 Subsections = 45568 buckets. Failed count: 1920
        80B: 18 Subsections = 3686 buckets. Failed count: 28649
        96B: 8 Subsections = 1365 buckets. Failed count: 5103
        112B: 3 Subsections = 438 buckets. Failed count: 140268
        128B: 7 Subsections = 896 buckets. Failed count: 8750
    [ALLOC_TYPETREE_MAIN]
      Peak usage frame count: [2.0 KB-4.0 KB]: 793 frames, [4.0 KB-8.0 KB]: 1154 frames, [8.0 KB-16.0 KB]: 3974 frames, [16.0 KB-32.0 KB]: 14826 frames
      Requested Block Size 2.0 MB
      Peak Block count 1
      Peak Allocated memory 16.9 KB
      Peak Large allocation bytes 0 B
    [ALLOC_TYPETREE_THREAD]
      Peak usage frame count: [4.0 KB-8.0 KB]: 1129 frames, [8.0 KB-16.0 KB]: 34 frames, [16.0 KB-32.0 KB]: 1 frames, [32.0 KB-64.0 KB]: 29 frames, [64.0 KB-128.0 KB]: 2813 frames, [128.0 KB-256.0 KB]: 1 frames, [256.0 KB-0.5 MB]: 1855 frames, [0.5 MB-1.0 MB]: 1 frames, [1.0 MB-2.0 MB]: 2 frames, [2.0 MB-4.0 MB]: 14882 frames
      Requested Block Size 2.0 MB
      Peak Block count 2
      Peak Allocated memory 3.6 MB
      Peak Large allocation bytes 0 B
